// Jest Snapshot v1, https://goo.gl/fbAQLP

exports[`Testing App Render App without crashing 1`] = `<DocumentFragment />`;
